// Jest Snapshot v1, https://goo.gl/fbAQLP

exports[`SlimEligibilityCalculator UI component should render properly 1`] = `
<ContextProvider
  value={null}
>
  <WithStyles(SlimEligibilityCalculator)
    dispatch={[Function]}
    store={
      Object {
        "clearActions": [Function],
        "dispatch": [Function],
        "getActions": [Function],
        "getState": [Function],
        "replaceReducer": [Function],
        "subscribe": [Function],
      }
    }
  />
</ContextProvider>
`;
